// Jest Snapshot v1, https://goo.gl/fbAQLP

exports[`Pruebas del componente GifGridItem debe de mostrar el componente correctamente 1`] = `
<div
  className="card animate__animated animate__fadeIn"
>
  <img
    alt="Un título"
    src="https://locahost/algo.jpg"
  />
  <p>
    Un título
  </p>
</div>
`;
